// Jest Snapshot v1, https://goo.gl/fbAQLP

exports[`<TableBody /> renders component when there is a quotes data 1`] = `
<Fragment>
  <tr
    className="tablerow"
    key="194jdalk1l2lda1jk1"
    onClick={[Function]}
  >
    <th
      className="indexNumber"
      key="194jdalk1l2lda1jk1"
      scope="row"
    >
      NaN
    </th>
    <td
      className="firstName"
      key="John"
    >
      John
    </td>
    <td
      className="lastName"
      key="Smith"
    >
      Smith
    </td>
    <td
      className="phoneNumber"
      key="0456753913"
    >
      0456753913
    </td>
    <td>
      <t
        ago={false}
        calendar={false}
        decimal={false}
        element={null}
        filter={[Function]}
        format="MMM DD, YYYY LT"
        fromNow={false}
        interval={60000}
        local={true}
        onChange={[Function]}
        titleFormat=""
        toNow={false}
        unit={null}
        unix={false}
        utc={false}
        withTitle={false}
      />
    </td>
    <td>
      <t
        ago={false}
        calendar={false}
        decimal={false}
        element={null}
        filter={[Function]}
        format="MMM DD, YYYY LT"
        fromNow={false}
        interval={60000}
        local={true}
        onChange={[Function]}
        titleFormat=""
        toNow={false}
        unit={null}
        unix={false}
        utc={false}
        withTitle={false}
      />
    </td>
  </tr>
</Fragment>
`;

exports[`<TableBody /> renders component when there is no data 1`] = `
<Fragment>
  <tr
    className="tablerow"
    key="194jdalk1l2lda1jk1"
    onClick={[Function]}
  >
    <th
      className="indexNumber"
      key="194jdalk1l2lda1jk1"
      scope="row"
    >
      NaN
    </th>
    <td
      className="firstName"
      key="John"
    >
      John
    </td>
    <td
      className="lastName"
      key="Smith"
    >
      Smith
    </td>
    <td
      className="phoneNumber"
      key="0456753913"
    >
      0456753913
    </td>
    <td>
      <t
        ago={false}
        calendar={false}
        decimal={false}
        element={null}
        filter={[Function]}
        format="MMM DD, YYYY LT"
        fromNow={false}
        interval={60000}
        local={true}
        onChange={[Function]}
        titleFormat=""
        toNow={false}
        unit={null}
        unix={false}
        utc={false}
        withTitle={false}
      />
    </td>
    <td>
      <t
        ago={false}
        calendar={false}
        decimal={false}
        element={null}
        filter={[Function]}
        format="MMM DD, YYYY LT"
        fromNow={false}
        interval={60000}
        local={true}
        onChange={[Function]}
        titleFormat=""
        toNow={false}
        unit={null}
        unix={false}
        utc={false}
        withTitle={false}
      />
    </td>
  </tr>
</Fragment>
`;
